▿ 2 elements
  ▿ User
    - id: C490D9B3-6D67-44BA-99F5-CB825932677F
    - name: "Albert Gil"
    - username: "agescura"
  ▿ User
    - id: 291B16CC-E401-4E45-A766-5A0D21D1B972
    - name: "Diana"
    - username: "diana"
